// Jest Snapshot v1, https://goo.gl/fbAQLP

exports[`test component <Error/>  render without crashing 1`] = `
<DocumentFragment>
  <div
    style="color: red;"
  />
</DocumentFragment>
`;
